
     Program PWSCF v.7.0 starts on 25Feb2025 at 16: 6:33 

     This program is part of the open-source Quantum ESPRESSO suite
     for quantum simulation of materials; please cite
         "P. Giannozzi et al., J. Phys.:Condens. Matter 21 395502 (2009);
         "P. Giannozzi et al., J. Phys.:Condens. Matter 29 465901 (2017);
         "P. Giannozzi et al., J. Chem. Phys. 152 154105 (2020);
          URL http://www.quantum-espresso.org", 
     in publications or presentations arising from this work. More details at
     http://www.quantum-espresso.org/quote

     Parallel version (MPI), running on     1 processors

     MPI processes distributed on     1 nodes
     2275 MiB available memory on the printing compute node when the environment starts

     Waiting for input...
     Reading input from standard input
     Message from routine read_cards :
     DEPRECATED: no units specified in ATOMIC_POSITIONS card
     Message from routine read_cards :
     ATOMIC_POSITIONS: units set to alat

     Current dimensions of program PWSCF are:
     Max number of different atomic species (ntypx) = 10
     Max number of k-points (npk) =  40000
     Max angular momentum in pseudopotentials (lmaxx) =  4
     Found identity + ( -0.5000 -0.5000  0.0000) symmetry
     This is a supercell, fractional translations are disabled

     Subspace diagonalization in iterative solution of the eigenvalue problem:
     a serial algorithm will be used


     G-vector sticks info
     --------------------
     sticks:   dense  smooth     PW     G-vecs:    dense   smooth      PW
     Sum        2965    2965    829               122321   122321   17941

     Using Slab Decomposition



     bravais-lattice index     =            1
     lattice parameter (alat)  =      10.2000  a.u.
     unit-cell volume          =    1061.2080 (a.u.)^3
     number of atoms/cell      =            8
     number of atomic types    =            1
     number of electrons       =        32.00
     number of Kohn-Sham states=           40
     kinetic-energy cutoff     =      90.0000  Ry
     charge density cutoff     =     360.0000  Ry
     scf convergence threshold =      1.0E-08
     mixing beta               =       0.7000
     number of iterations used =            8  plain     mixing
     Exchange-correlation=  SLA  PZ   NOGX NOGC
                           (   1   1   0   0   0   0   0)

     celldm(1)=  10.200000  celldm(2)=   0.000000  celldm(3)=   0.000000
     celldm(4)=   0.000000  celldm(5)=   0.000000  celldm(6)=   0.000000

     crystal axes: (cart. coord. in units of alat)
               a(1) = (   1.000000   0.000000   0.000000 )  
               a(2) = (   0.000000   1.000000   0.000000 )  
               a(3) = (   0.000000   0.000000   1.000000 )  

     reciprocal axes: (cart. coord. in units 2 pi/alat)
               b(1) = (  1.000000  0.000000  0.000000 )  
               b(2) = (  0.000000  1.000000  0.000000 )  
               b(3) = (  0.000000  0.000000  1.000000 )  


     PseudoPot. # 1 for Si read from file:
     ./Si.pz-vbc.UPF
     MD5 check sum: bcd8ae23180a2f07cc8655fe7dcd9644
     Pseudo is Norm-conserving, Zval =  4.0
     Generated by new atomic code, or converted to UPF format
     Using radial grid of  431 points,  2 beta functions with: 
                l(1) =   0
                l(2) =   1

     atomic species   valence    mass     pseudopotential
        Si             4.00    28.08600     Si( 1.00)

     24 Sym. Ops. (no inversion) found


                                    s                        frac. trans.

      isym =  1     identity                                     

 cryst.   s( 1) = (     1          0          0      )
                  (     0          1          0      )
                  (     0          0          1      )

 cart.    s( 1) = (  1.0000000  0.0000000  0.0000000 )
                  (  0.0000000  1.0000000  0.0000000 )
                  (  0.0000000  0.0000000  1.0000000 )


      isym =  2     180 deg rotation - cart. axis [0,0,1]        

 cryst.   s( 2) = (    -1          0          0      )
                  (     0         -1          0      )
                  (     0          0          1      )

 cart.    s( 2) = ( -1.0000000  0.0000000  0.0000000 )
                  (  0.0000000 -1.0000000  0.0000000 )
                  (  0.0000000  0.0000000  1.0000000 )


      isym =  3     180 deg rotation - cart. axis [0,1,0]        

 cryst.   s( 3) = (    -1          0          0      )
                  (     0          1          0      )
                  (     0          0         -1      )

 cart.    s( 3) = ( -1.0000000  0.0000000  0.0000000 )
                  (  0.0000000  1.0000000  0.0000000 )
                  (  0.0000000  0.0000000 -1.0000000 )


      isym =  4     180 deg rotation - cart. axis [1,0,0]        

 cryst.   s( 4) = (     1          0          0      )
                  (     0         -1          0      )
                  (     0          0         -1      )

 cart.    s( 4) = (  1.0000000  0.0000000  0.0000000 )
                  (  0.0000000 -1.0000000  0.0000000 )
                  (  0.0000000  0.0000000 -1.0000000 )


      isym =  5     120 deg rotation - cart. axis [-1,-1,-1]     

 cryst.   s( 5) = (     0          0          1      )
                  (     1          0          0      )
                  (     0          1          0      )

 cart.    s( 5) = (  0.0000000  1.0000000  0.0000000 )
                  (  0.0000000  0.0000000  1.0000000 )
                  (  1.0000000  0.0000000  0.0000000 )


      isym =  6     120 deg rotation - cart. axis [-1,1,1]       

 cryst.   s( 6) = (     0          0         -1      )
                  (    -1          0          0      )
                  (     0          1          0      )

 cart.    s( 6) = (  0.0000000 -1.0000000  0.0000000 )
                  (  0.0000000  0.0000000  1.0000000 )
                  ( -1.0000000  0.0000000  0.0000000 )


      isym =  7     120 deg rotation - cart. axis [1,1,-1]       

 cryst.   s( 7) = (     0          0         -1      )
                  (     1          0          0      )
                  (     0         -1          0      )

 cart.    s( 7) = (  0.0000000  1.0000000  0.0000000 )
                  (  0.0000000  0.0000000 -1.0000000 )
                  ( -1.0000000  0.0000000  0.0000000 )


      isym =  8     120 deg rotation - cart. axis [1,-1,1]       

 cryst.   s( 8) = (     0          0          1      )
                  (    -1          0          0      )
                  (     0         -1          0      )

 cart.    s( 8) = (  0.0000000 -1.0000000  0.0000000 )
                  (  0.0000000  0.0000000 -1.0000000 )
                  (  1.0000000  0.0000000  0.0000000 )


      isym =  9     120 deg rotation - cart. axis [1,1,1]        

 cryst.   s( 9) = (     0          1          0      )
                  (     0          0          1      )
                  (     1          0          0      )

 cart.    s( 9) = (  0.0000000  0.0000000  1.0000000 )
                  (  1.0000000  0.0000000  0.0000000 )
                  (  0.0000000  1.0000000  0.0000000 )


      isym = 10     120 deg rotation - cart. axis [-1,1,-1]      

 cryst.   s(10) = (     0         -1          0      )
                  (     0          0         -1      )
                  (     1          0          0      )

 cart.    s(10) = (  0.0000000  0.0000000  1.0000000 )
                  ( -1.0000000  0.0000000  0.0000000 )
                  (  0.0000000 -1.0000000  0.0000000 )


      isym = 11     120 deg rotation - cart. axis [1,-1,-1]      

 cryst.   s(11) = (     0         -1          0      )
                  (     0          0          1      )
                  (    -1          0          0      )

 cart.    s(11) = (  0.0000000  0.0000000 -1.0000000 )
                  ( -1.0000000  0.0000000  0.0000000 )
                  (  0.0000000  1.0000000  0.0000000 )


      isym = 12     120 deg rotation - cart. axis [-1,-1,1]      

 cryst.   s(12) = (     0          1          0      )
                  (     0          0         -1      )
                  (    -1          0          0      )

 cart.    s(12) = (  0.0000000  0.0000000 -1.0000000 )
                  (  1.0000000  0.0000000  0.0000000 )
                  (  0.0000000 -1.0000000  0.0000000 )


      isym = 13     inv. 180 deg rotation - cart. axis [1,1,0]   

 cryst.   s(13) = (     0         -1          0      )
                  (    -1          0          0      )
                  (     0          0          1      )

 cart.    s(13) = (  0.0000000 -1.0000000  0.0000000 )
                  ( -1.0000000  0.0000000  0.0000000 )
                  (  0.0000000  0.0000000  1.0000000 )


      isym = 14     inv. 180 deg rotation - cart. axis [1,-1,0]  

 cryst.   s(14) = (     0          1          0      )
                  (     1          0          0      )
                  (     0          0          1      )

 cart.    s(14) = (  0.0000000  1.0000000  0.0000000 )
                  (  1.0000000  0.0000000  0.0000000 )
                  (  0.0000000  0.0000000  1.0000000 )


      isym = 15     inv.  90 deg rotation - cart. axis [0,0,-1]  

 cryst.   s(15) = (     0          1          0      )
                  (    -1          0          0      )
                  (     0          0         -1      )

 cart.    s(15) = (  0.0000000 -1.0000000  0.0000000 )
                  (  1.0000000  0.0000000  0.0000000 )
                  (  0.0000000  0.0000000 -1.0000000 )


      isym = 16     inv.  90 deg rotation - cart. axis [0,0,1]   

 cryst.   s(16) = (     0         -1          0      )
                  (     1          0          0      )
                  (     0          0         -1      )

 cart.    s(16) = (  0.0000000  1.0000000  0.0000000 )
                  ( -1.0000000  0.0000000  0.0000000 )
                  (  0.0000000  0.0000000 -1.0000000 )


      isym = 17     inv. 180 deg rotation - cart. axis [1,0,1]   

 cryst.   s(17) = (     0          0         -1      )
                  (     0          1          0      )
                  (    -1          0          0      )

 cart.    s(17) = (  0.0000000  0.0000000 -1.0000000 )
                  (  0.0000000  1.0000000  0.0000000 )
                  ( -1.0000000  0.0000000  0.0000000 )


      isym = 18     inv. 180 deg rotation - cart. axis [-1,0,1]  

 cryst.   s(18) = (     0          0          1      )
                  (     0          1          0      )
                  (     1          0          0      )

 cart.    s(18) = (  0.0000000  0.0000000  1.0000000 )
                  (  0.0000000  1.0000000  0.0000000 )
                  (  1.0000000  0.0000000  0.0000000 )


      isym = 19     inv.  90 deg rotation - cart. axis [0,1,0]   

 cryst.   s(19) = (     0          0          1      )
                  (     0         -1          0      )
                  (    -1          0          0      )

 cart.    s(19) = (  0.0000000  0.0000000 -1.0000000 )
                  (  0.0000000 -1.0000000  0.0000000 )
                  (  1.0000000  0.0000000  0.0000000 )


      isym = 20     inv.  90 deg rotation - cart. axis [0,-1,0]  

 cryst.   s(20) = (     0          0         -1      )
                  (     0         -1          0      )
                  (     1          0          0      )

 cart.    s(20) = (  0.0000000  0.0000000  1.0000000 )
                  (  0.0000000 -1.0000000  0.0000000 )
                  ( -1.0000000  0.0000000  0.0000000 )


      isym = 21     inv. 180 deg rotation - cart. axis [0,1,1]   

 cryst.   s(21) = (     1          0          0      )
                  (     0          0         -1      )
                  (     0         -1          0      )

 cart.    s(21) = (  1.0000000  0.0000000  0.0000000 )
                  (  0.0000000  0.0000000 -1.0000000 )
                  (  0.0000000 -1.0000000  0.0000000 )


      isym = 22     inv. 180 deg rotation - cart. axis [0,1,-1]  

 cryst.   s(22) = (     1          0          0      )
                  (     0          0          1      )
                  (     0          1          0      )

 cart.    s(22) = (  1.0000000  0.0000000  0.0000000 )
                  (  0.0000000  0.0000000  1.0000000 )
                  (  0.0000000  1.0000000  0.0000000 )


      isym = 23     inv.  90 deg rotation - cart. axis [-1,0,0]  

 cryst.   s(23) = (    -1          0          0      )
                  (     0          0          1      )
                  (     0         -1          0      )

 cart.    s(23) = ( -1.0000000  0.0000000  0.0000000 )
                  (  0.0000000  0.0000000 -1.0000000 )
                  (  0.0000000  1.0000000  0.0000000 )


      isym = 24     inv.  90 deg rotation - cart. axis [1,0,0]   

 cryst.   s(24) = (    -1          0          0      )
                  (     0          0         -1      )
                  (     0          1          0      )

 cart.    s(24) = ( -1.0000000  0.0000000  0.0000000 )
                  (  0.0000000  0.0000000  1.0000000 )
                  (  0.0000000 -1.0000000  0.0000000 )


     point group T_d (-43m) 
     there are  5 classes
     the character table:

       E     8C3   3C2   6S4   6s_d 
A_1    1.00  1.00  1.00  1.00  1.00
A_2    1.00  1.00  1.00 -1.00 -1.00
E      2.00 -1.00  2.00  0.00  0.00
T_1    3.00  0.00 -1.00  1.00 -1.00
T_2    3.00  0.00 -1.00 -1.00  1.00

     the symmetry operations in each class and the name of the first element:

     E        1
          identity                                               
     8C3      5    7    8    6   12    9   10   11
          120 deg rotation - cart. axis [-1,-1,-1]               
     3C2      2    3    4
          180 deg rotation - cart. axis [0,0,1]                  
     6S4     15   16   20   19   23   24
          inv.  90 deg rotation - cart. axis [0,0,-1]            
     6s_d    13   14   17   18   21   22
          inv. 180 deg rotation - cart. axis [1,1,0]             

   Cartesian axes

     site n.     atom                  positions (alat units)
         1           Si  tau(   1) = (   0.0000000   0.0000000   0.0000000  )
         2           Si  tau(   2) = (   0.5000000   0.5000000   0.0000000  )
         3           Si  tau(   3) = (   0.5000000   0.0000000   0.5000000  )
         4           Si  tau(   4) = (   0.0000000   0.5000000   0.5000000  )
         5           Si  tau(   5) = (   0.2500000   0.2500000   0.2500000  )
         6           Si  tau(   6) = (   0.7500000   0.7500000   0.2500000  )
         7           Si  tau(   7) = (   0.7500000   0.2500000   0.7500000  )
         8           Si  tau(   8) = (   0.2500000   0.7500000   0.7500000  )

   Crystallographic axes

     site n.     atom                  positions (cryst. coord.)
         1           Si  tau(   1) = (  0.0000000  0.0000000  0.0000000  )
         2           Si  tau(   2) = (  0.5000000  0.5000000  0.0000000  )
         3           Si  tau(   3) = (  0.5000000  0.0000000  0.5000000  )
         4           Si  tau(   4) = (  0.0000000  0.5000000  0.5000000  )
         5           Si  tau(   5) = (  0.2500000  0.2500000  0.2500000  )
         6           Si  tau(   6) = (  0.7500000  0.7500000  0.2500000  )
         7           Si  tau(   7) = (  0.7500000  0.2500000  0.7500000  )
         8           Si  tau(   8) = (  0.2500000  0.7500000  0.7500000  )

     number of k points=     4
                       cart. coord. in units 2pi/alat
        k(    1) = (   0.0000000   0.0000000   0.0000000), wk =   0.2500000
        k(    2) = (   0.0000000   0.0000000  -0.5000000), wk =   0.7500000
        k(    3) = (   0.0000000  -0.5000000  -0.5000000), wk =   0.7500000
        k(    4) = (  -0.5000000  -0.5000000  -0.5000000), wk =   0.2500000

                       cryst. coord.
        k(    1) = (   0.0000000   0.0000000   0.0000000), wk =   0.2500000
        k(    2) = (   0.0000000   0.0000000  -0.5000000), wk =   0.7500000
        k(    3) = (   0.0000000  -0.5000000  -0.5000000), wk =   0.7500000
        k(    4) = (  -0.5000000  -0.5000000  -0.5000000), wk =   0.2500000

     Dense  grid:   122321 G-vectors     FFT dimensions: (  64,  64,  64)

     Dynamical RAM for                 wfc:       9.34 MB

     Dynamical RAM for     wfc (w. buffer):      46.69 MB

     Dynamical RAM for           str. fact:       1.87 MB

     Dynamical RAM for           local pot:       0.00 MB

     Dynamical RAM for          nlocal pot:       7.47 MB

     Dynamical RAM for                qrad:       0.13 MB

     Dynamical RAM for          rho,v,vnew:      11.60 MB

     Dynamical RAM for               rhoin:       3.87 MB

     Dynamical RAM for            rho*nmix:      29.86 MB

     Dynamical RAM for           G-vectors:       7.93 MB

     Dynamical RAM for          h,s,v(r/c):       0.29 MB

     Dynamical RAM for          <psi|beta>:       0.02 MB

     Dynamical RAM for                 psi:      18.68 MB

     Dynamical RAM for                hpsi:      18.68 MB

     Dynamical RAM for      wfcinit/wfcrot:      18.71 MB

     Estimated static dynamical RAM per process >      93.29 MB

     Estimated max dynamical RAM per process >     160.83 MB

     Initial potential from superposition of free atoms

     starting charge      31.9960, renormalised to      32.0000
     Starting wfcs are   32 randomized atomic wfcs +    8 random wfcs

     total cpu time spent up to now is        2.1 secs

     Self-consistent Calculation

     iteration #  1     ecut=    90.00 Ry     beta= 0.70
     Davidson diagonalization with overlap

---- Real-time Memory Report at c_bands before calling an iterative solver
           131 MiB given to the printing process from OS
             0 MiB allocation reported by mallinfo(arena+hblkhd)
          2174 MiB available memory on the node where the printing process lives
------------------
     ethr =  1.00E-02,  avg # of iterations =  7.5

     Threshold (ethr) on eigenvalues was too large:
     Diagonalizing with lowered threshold

     Davidson diagonalization with overlap

---- Real-time Memory Report at c_bands before calling an iterative solver
           162 MiB given to the printing process from OS
             0 MiB allocation reported by mallinfo(arena+hblkhd)
          2158 MiB available memory on the node where the printing process lives
------------------
     ethr =  8.35E-04,  avg # of iterations =  6.8

     total cpu time spent up to now is       15.6 secs

     total energy              =     -63.33213919 Ry
     estimated scf accuracy    <       0.27999278 Ry

     iteration #  2     ecut=    90.00 Ry     beta= 0.70
     Davidson diagonalization with overlap

---- Real-time Memory Report at c_bands before calling an iterative solver
           162 MiB given to the printing process from OS
             0 MiB allocation reported by mallinfo(arena+hblkhd)
          2125 MiB available memory on the node where the printing process lives
------------------
     ethr =  8.75E-04,  avg # of iterations =  1.0

     total cpu time spent up to now is       19.4 secs

     total energy              =     -63.34916319 Ry
     estimated scf accuracy    <       0.00827189 Ry

     iteration #  3     ecut=    90.00 Ry     beta= 0.70
     Davidson diagonalization with overlap

---- Real-time Memory Report at c_bands before calling an iterative solver
           180 MiB given to the printing process from OS
             0 MiB allocation reported by mallinfo(arena+hblkhd)
          2106 MiB available memory on the node where the printing process lives
------------------
     ethr =  2.58E-05,  avg # of iterations =  6.8

     total cpu time spent up to now is       24.7 secs

     total energy              =     -63.34955674 Ry
     estimated scf accuracy    <       0.00026006 Ry

     iteration #  4     ecut=    90.00 Ry     beta= 0.70
     Davidson diagonalization with overlap

---- Real-time Memory Report at c_bands before calling an iterative solver
           184 MiB given to the printing process from OS
             0 MiB allocation reported by mallinfo(arena+hblkhd)
          2100 MiB available memory on the node where the printing process lives
------------------
     ethr =  8.13E-07,  avg # of iterations =  2.5

     total cpu time spent up to now is       30.0 secs

     total energy              =     -63.34959658 Ry
     estimated scf accuracy    <       0.00000063 Ry

     iteration #  5     ecut=    90.00 Ry     beta= 0.70
     Davidson diagonalization with overlap

---- Real-time Memory Report at c_bands before calling an iterative solver
           188 MiB given to the printing process from OS
             0 MiB allocation reported by mallinfo(arena+hblkhd)
          2065 MiB available memory on the node where the printing process lives
------------------
     ethr =  1.97E-09,  avg # of iterations =  4.0

     total cpu time spent up to now is       36.7 secs

     total energy              =     -63.34959892 Ry
     estimated scf accuracy    <       0.00000030 Ry

     iteration #  6     ecut=    90.00 Ry     beta= 0.70
     Davidson diagonalization with overlap

---- Real-time Memory Report at c_bands before calling an iterative solver
           191 MiB given to the printing process from OS
             0 MiB allocation reported by mallinfo(arena+hblkhd)
          2086 MiB available memory on the node where the printing process lives
------------------
     ethr =  9.34E-10,  avg # of iterations =  1.5

     total cpu time spent up to now is       41.0 secs

     total energy              =     -63.34959904 Ry
     estimated scf accuracy    <       0.00000003 Ry

     iteration #  7     ecut=    90.00 Ry     beta= 0.70
     Davidson diagonalization with overlap

---- Real-time Memory Report at c_bands before calling an iterative solver
           195 MiB given to the printing process from OS
             0 MiB allocation reported by mallinfo(arena+hblkhd)
          2081 MiB available memory on the node where the printing process lives
------------------
     ethr =  9.43E-11,  avg # of iterations =  2.0

     total cpu time spent up to now is       45.9 secs

     End of self-consistent calculation

          k = 0.0000 0.0000 0.0000 ( 15419 PWs)   bands (ev):

    -5.7859  -1.5682  -1.5682  -1.5682  -1.5682  -1.5682  -1.5682   3.3638
     3.3638   3.3638   3.3638   3.3638   3.3638   6.2798   6.2798   6.2798
     6.8738   6.8738   6.8738   6.8738   6.8738   6.8738   8.8269   8.8269
     8.8269   9.7445  14.0162  14.0208  14.0208  16.4229  16.4229  16.4229
    16.4229  16.4229  16.4229  17.2206  17.2206  17.2206  17.4581  17.4594

     occupation numbers 
     1.0000   1.0000   1.0000   1.0000   1.0000   1.0000   1.0000   1.0000
     1.0000   1.0000   1.0000   1.0000   1.0000   1.0000   1.0000   1.0000
     0.0000   0.0000   0.0000   0.0000   0.0000   0.0000   0.0000   0.0000
     0.0000   0.0000   0.0000   0.0000   0.0000   0.0000   0.0000   0.0000
     0.0000   0.0000   0.0000   0.0000   0.0000   0.0000   0.0000   0.0000

          k = 0.0000 0.0000-0.5000 ( 15318 PWs)   bands (ev):

    -4.6853  -4.6853  -1.3879  -1.3879  -1.3879  -1.3879   2.3077   2.3077
     2.3077   2.3077   2.7873   2.7873   4.3450   4.3450   4.3450   4.3450
     7.3270   7.3270   9.3323   9.3323  10.4700  10.4700  10.4700  10.4700
    11.2872  11.2872  11.2872  11.2872  12.0538  12.0538  12.0538  12.0538
    14.3518  14.3518  15.2370  15.2370  16.8591  16.8591  16.8591  16.8591

     occupation numbers 
     1.0000   1.0000   1.0000   1.0000   1.0000   1.0000   1.0000   1.0000
     1.0000   1.0000   1.0000   1.0000   1.0000   1.0000   1.0000   1.0000
     0.0000   0.0000   0.0000   0.0000   0.0000   0.0000   0.0000   0.0000
     0.0000   0.0000   0.0000   0.0000   0.0000   0.0000   0.0000   0.0000
     0.0000   0.0000   0.0000   0.0000   0.0000   0.0000   0.0000   0.0000

          k = 0.0000-0.5000-0.5000 ( 15212 PWs)   bands (ev):

    -3.7002  -3.7002  -3.7002  -3.7002   0.7833   0.7833   0.7833   0.7833
     2.4198   2.4198   2.4198   2.4198   4.9260   4.9260   4.9260   4.9260
     8.6810   8.6810   8.6810   8.6810  11.0743  11.0743  11.0743  11.0743
    11.3708  11.3708  11.3708  11.3708  12.4086  12.4086  12.4086  12.4086
    12.6875  12.6875  12.6875  12.6875  15.8990  15.8990  15.8990  15.8990

     occupation numbers 
     1.0000   1.0000   1.0000   1.0000   1.0000   1.0000   1.0000   1.0000
     1.0000   1.0000   1.0000   1.0000   1.0000   1.0000   1.0000   1.0000
     0.0000   0.0000   0.0000   0.0000   0.0000   0.0000   0.0000   0.0000
     0.0000   0.0000   0.0000   0.0000   0.0000   0.0000   0.0000   0.0000
     0.0000   0.0000   0.0000   0.0000   0.0000   0.0000   0.0000   0.0000

          k =-0.5000-0.5000-0.5000 ( 15312 PWs)   bands (ev):

    -3.3893  -3.3893  -3.3893  -3.3893  -0.7978  -0.7978  -0.7978  -0.7978
     5.0615   5.0615   5.0615   5.0615   5.0615   5.0615   5.0615   5.0615
     7.8203   7.8203   7.8203   7.8203   9.5822   9.5822   9.5822   9.5822
     9.5822   9.5822   9.5822   9.5822  13.8260  13.8260  13.8260  13.8260
    16.8164  16.8164  16.8164  16.8164  17.5350  17.5353  17.5353  17.5354

     occupation numbers 
     1.0000   1.0000   1.0000   1.0000   1.0000   1.0000   1.0000   1.0000
     1.0000   1.0000   1.0000   1.0000   1.0000   1.0000   1.0000   1.0000
     0.0000   0.0000   0.0000   0.0000   0.0000   0.0000   0.0000   0.0000
     0.0000   0.0000   0.0000   0.0000   0.0000   0.0000   0.0000   0.0000
     0.0000   0.0000   0.0000   0.0000   0.0000   0.0000   0.0000   0.0000

     highest occupied, lowest unoccupied level (ev):     6.2798    6.8738

!    total energy              =     -63.34959905 Ry
     estimated scf accuracy    <          2.8E-09 Ry

     The total energy is the sum of the following terms:
     one-electron contribution =      19.13795896 Ry
     hartree contribution      =       4.42366225 Ry
     xc contribution           =     -19.31218597 Ry
     ewald contribution        =     -67.59903428 Ry

     convergence has been achieved in   7 iterations

     Forces acting on atoms (cartesian axes, Ry/au):

     atom    1 type  1   force =     0.00000000    0.00000000    0.00000000
     atom    2 type  1   force =     0.00000000    0.00000000    0.00000000
     atom    3 type  1   force =     0.00000000    0.00000000    0.00000000
     atom    4 type  1   force =     0.00000000    0.00000000    0.00000000
     atom    5 type  1   force =     0.00000001    0.00000001    0.00000001
     atom    6 type  1   force =    -0.00000001   -0.00000001    0.00000001
     atom    7 type  1   force =    -0.00000001    0.00000001   -0.00000001
     atom    8 type  1   force =     0.00000001   -0.00000001   -0.00000001
     The non-local contrib.  to forces
     atom    1 type  1   force =     0.00000000    0.00000000    0.00000000
     atom    2 type  1   force =     0.00000000    0.00000000    0.00000000
     atom    3 type  1   force =     0.00000000    0.00000000    0.00000000
     atom    4 type  1   force =     0.00000000    0.00000000    0.00000000
     atom    5 type  1   force =     0.00000009    0.00000009    0.00000009
     atom    6 type  1   force =    -0.00000009   -0.00000009    0.00000009
     atom    7 type  1   force =    -0.00000009    0.00000009   -0.00000009
     atom    8 type  1   force =     0.00000009   -0.00000009   -0.00000009
     The ionic contribution  to forces
     atom    1 type  1   force =    -0.00000000   -0.00000000   -0.00000000
     atom    2 type  1   force =     0.00000000    0.00000000   -0.00000000
     atom    3 type  1   force =     0.00000000   -0.00000000    0.00000000
     atom    4 type  1   force =    -0.00000000    0.00000000    0.00000000
     atom    5 type  1   force =    -0.00000000   -0.00000000   -0.00000000
     atom    6 type  1   force =     0.00000000    0.00000000    0.00000000
     atom    7 type  1   force =     0.00000000   -0.00000000    0.00000000
     atom    8 type  1   force =    -0.00000000    0.00000000    0.00000000
     The local contribution  to forces
     atom    1 type  1   force =     0.00000000    0.00000000   -0.00000000
     atom    2 type  1   force =    -0.00000000   -0.00000000    0.00000000
     atom    3 type  1   force =    -0.00000000    0.00000000   -0.00000000
     atom    4 type  1   force =    -0.00000000   -0.00000000   -0.00000000
     atom    5 type  1   force =     0.00000042    0.00000042    0.00000042
     atom    6 type  1   force =    -0.00000042   -0.00000042    0.00000042
     atom    7 type  1   force =    -0.00000042    0.00000042   -0.00000042
     atom    8 type  1   force =     0.00000042   -0.00000042   -0.00000042
     The core correction contribution to forces
     atom    1 type  1   force =     0.00000000    0.00000000    0.00000000
     atom    2 type  1   force =     0.00000000    0.00000000    0.00000000
     atom    3 type  1   force =     0.00000000    0.00000000    0.00000000
     atom    4 type  1   force =     0.00000000    0.00000000    0.00000000
     atom    5 type  1   force =     0.00000000    0.00000000    0.00000000
     atom    6 type  1   force =     0.00000000    0.00000000    0.00000000
     atom    7 type  1   force =     0.00000000    0.00000000    0.00000000
     atom    8 type  1   force =     0.00000000    0.00000000    0.00000000
     The Hubbard contrib.    to forces
     atom    1 type  1   force =     0.00000000    0.00000000    0.00000000
     atom    2 type  1   force =     0.00000000    0.00000000    0.00000000
     atom    3 type  1   force =     0.00000000    0.00000000    0.00000000
     atom    4 type  1   force =     0.00000000    0.00000000    0.00000000
     atom    5 type  1   force =     0.00000000    0.00000000    0.00000000
     atom    6 type  1   force =     0.00000000    0.00000000    0.00000000
     atom    7 type  1   force =     0.00000000    0.00000000    0.00000000
     atom    8 type  1   force =     0.00000000    0.00000000    0.00000000
     The SCF correction term to forces
     atom    1 type  1   force =     0.00000000   -0.00000000   -0.00000000
     atom    2 type  1   force =    -0.00000000   -0.00000000   -0.00000000
     atom    3 type  1   force =     0.00000000   -0.00000000    0.00000000
     atom    4 type  1   force =     0.00000000   -0.00000000   -0.00000000
     atom    5 type  1   force =    -0.00000050   -0.00000050   -0.00000050
     atom    6 type  1   force =     0.00000050    0.00000050   -0.00000050
     atom    7 type  1   force =     0.00000050   -0.00000050    0.00000050
     atom    8 type  1   force =    -0.00000050    0.00000050    0.00000050

     Total force =     0.000000     Total SCF correction =     0.000002
     SCF correction compared to forces is large: reduce conv_thr to get better values

     Writing all to output data dir ./tmp/Si.save/

     init_run     :      1.96s CPU      2.06s WALL (       1 calls)
     electrons    :     40.31s CPU     43.82s WALL (       1 calls)
     forces       :      0.62s CPU      0.62s WALL (       1 calls)

     Called by init_run:
     wfcinit      :      1.57s CPU      1.60s WALL (       1 calls)
     wfcinit:atom :      0.02s CPU      0.02s WALL (       4 calls)
     wfcinit:wfcr :      1.50s CPU      1.53s WALL (       4 calls)
     potinit      :      0.01s CPU      0.03s WALL (       1 calls)
     hinit0       :      0.32s CPU      0.37s WALL (       1 calls)

     Called by electrons:
     c_bands      :     37.67s CPU     40.93s WALL (       8 calls)
     sum_band     :      2.43s CPU      2.65s WALL (       8 calls)
     v_of_rho     :      0.10s CPU      0.12s WALL (       8 calls)
     v_h          :      0.03s CPU      0.03s WALL (       8 calls)
     v_xc         :      0.07s CPU      0.09s WALL (       8 calls)
     mix_rho      :      0.09s CPU      0.09s WALL (       8 calls)

     Called by c_bands:
     init_us_2    :      0.16s CPU      0.18s WALL (      72 calls)
     init_us_2:cp :      0.16s CPU      0.18s WALL (      72 calls)
     cegterg      :     37.45s CPU     40.68s WALL (      32 calls)

     Called by sum_band:
     sum_band:wei :      0.00s CPU      0.00s WALL (       8 calls)
     sum_band:loo :      2.33s CPU      2.55s WALL (       8 calls)
     sum_band:buf :      0.05s CPU      0.05s WALL (      32 calls)
     sum_band:ini :      0.07s CPU      0.08s WALL (      32 calls)

     Called by *egterg:
     cdiaghg      :      0.27s CPU      0.28s WALL (     156 calls)
     cegterg:over :      6.71s CPU      7.35s WALL (     128 calls)
     cegterg:upda :      4.19s CPU      4.46s WALL (     128 calls)
     cegterg:last :      7.26s CPU      7.89s WALL (      67 calls)
     h_psi        :     17.48s CPU     18.95s WALL (     164 calls)
     g_psi        :      0.10s CPU      0.11s WALL (     128 calls)

     Called by h_psi:
     h_psi:calbec :      2.58s CPU      2.77s WALL (     164 calls)
     vloc_psi     :     12.14s CPU     13.12s WALL (     164 calls)
     add_vuspsi   :      2.58s CPU      2.86s WALL (     164 calls)

     General routines
     calbec       :      3.07s CPU      3.27s WALL (     180 calls)
     fft          :      0.35s CPU      0.41s WALL (      26 calls)
     ffts         :      0.02s CPU      0.02s WALL (       8 calls)
     fftw         :     12.15s CPU     13.16s WALL (    8250 calls)

     Parallel routines

     PWSCF        :     42.95s CPU     46.58s WALL


   This run was terminated on:  16: 7:20  25Feb2025            

=------------------------------------------------------------------------------=
   JOB DONE.
=------------------------------------------------------------------------------=
